Microsoft (R) Macro Assembler Version 5.00                  3/31/20 00:34:03
                                                             Page     1-1


				.386  
				 
 0000				DATA1 SEGMENT use16 
 0000  12			    P3 db 10010b 
 0001  4E 65 77 20 53 74 72	    PSTR db "New String" 
       69 6E 67			
 000B  0000			    P1 dw 0b 
 000D  00AB			    P2 dw 0ABh 
 000F  0001			    P4 dw 1b 
 0011  0001			    MACROP dw 1b 
 0013				DATA1 Ends 
				 
				NOPAR MACRO 
				    mov si,10 
				endm 
				 
				WITHPAR MACRO VARIABLE 
				    and dx,[bx+di] 
				    inc VARIABLE 
				endm 
				 
 0000				CODE SEGMENT use16 
				assume CS:CODE, DS:DATA1 
 0000				METKA1: 
 0000  B8 0012			    mov ax, 12h 
 0003  BF 0002			    mov di, 2h 
				    WITHPAR cx 
 0006  23 11                 1	    and dx,[bx+di] 
 0008  41                    1	    inc cx 
 0009  40			    inc ax 
				    NOPAR 
 000A  BE 000A               1	    mov si,10 
 000D  F7 19			    neg word ptr[bx+di] 
 000F  3F			    aas  
 0010  65: 80 08 02		    or byte ptr GS:[bx+si],2 
 0014  0F A3 C7			    bt di, ax 
 0017  39 01			    cmp word ptr [bx+di],ax 
 0019  0F 8C 002D R		    jl METKA2 
 001D  B9 0007			    mov cx, 7h 
 0020  80 09 11			    or byte ptr [bx+di],17 
 0023  BA 0005			    mov dx, 5h 
 0026  23 11			    and dx, [bx+di] 
 0028  42			    inc dx 
 0029  39 10			    cmp word ptr [bx+si], dx 
 002B  7C D3			    jl METKA1 
 002D				METKA2: 
				 
 002D				CODE ENDS 
				END 

Microsoft (R) Macro Assembler Version 5.00                  3/31/20 00:34:03
                                                             Symbols-1


Macros:

		N a m e			Lines

NOPAR  . . . . . . . . . . . . .  	   1
WITHPAR  . . . . . . . . . . . .  	   2



                N a m e         	Size	Length	 Align	Combine Class

CODE . . . . . . . . . . . . . .  	16 Bit	002D	PARA	NONE	
DATA1  . . . . . . . . . . . . .  	16 Bit	0013	PARA	NONE	

Symbols:            

                N a m e         	Type	 Value	 Attr

MACROP . . . . . . . . . . . . .  	L WORD	0011	DATA1
METKA1 . . . . . . . . . . . . .  	L NEAR	0000	CODE
METKA2 . . . . . . . . . . . . .  	L NEAR	002D	CODE

P1 . . . . . . . . . . . . . . .  	L WORD	000B	DATA1
P2 . . . . . . . . . . . . . . .  	L WORD	000D	DATA1
P3 . . . . . . . . . . . . . . .  	L BYTE	0000	DATA1
P4 . . . . . . . . . . . . . . .  	L WORD	000F	DATA1
PSTR . . . . . . . . . . . . . .  	L BYTE	0001	DATA1

@FILENAME  . . . . . . . . . . .  	TEXT  test		


     45 Source  Lines
     48 Total   Lines
     14 Symbols

  50984 + 465560 Bytes symbol space free

      0 Warning Errors
      0 Severe  Errors
